client/src/components/cart/CartDrawer.tsx(63,27): error TS2322: Type '"outline"' is not assignable to type '"default" | "destructive" | "secondary" | "ghost" | null | undefined'.
client/src/components/cart/CartDrawer.tsx(75,27): error TS2322: Type '"outline"' is not assignable to type '"default" | "destructive" | "secondary" | "ghost" | null | undefined'.
client/src/components/ui/alert-dialog.tsx(118,24): error TS2322: Type '"outline"' is not assignable to type '"default" | "destructive" | "secondary" | "ghost" | null | undefined'.
client/src/components/ui/calendar.tsx(27,28): error TS2322: Type '"outline"' is not assignable to type '"default" | "destructive" | "secondary" | "ghost" | null | undefined'.
client/src/components/ui/calendar.tsx(56,12): error TS2322: Type '{ style?: CSSProperties | undefined; children?: ReactNode; className: string; }' is not assignable to type 'Omit<LucideProps, "ref">'.
  Types of property 'style' are incompatible.
    Type 'import("C:/Users/KIIT0001/Desktop/RaiAuraShop/RaiAuraShop-revert/node_modules/@types/react/index").CSSProperties | undefined' is not assignable to type 'React.CSSProperties | undefined'.
      Type 'CSSProperties' is not assignable to type 'Properties<string | number, string & {}>'.
        Types of property 'alignmentBaseline' are incompatible.
          Type 'import("C:/Users/KIIT0001/Desktop/RaiAuraShop/RaiAuraShop-revert/node_modules/csstype/index").Property.AlignmentBaseline | undefined' is not assignable to type 'import("C:/Users/KIIT0001/Desktop/RaiAuraShop/RaiAuraShop-revert/client/node_modules/csstype/index").Property.AlignmentBaseline | undefined'.
            Type '"auto"' is not assignable to type 'AlignmentBaseline | undefined'.
client/src/components/ui/calendar.tsx(59,12): error TS2322: Type '{ style?: CSSProperties | undefined; children?: ReactNode; className: string; }' is not assignable to type 'Omit<LucideProps, "ref">'.
  Types of property 'style' are incompatible.
    Type 'import("C:/Users/KIIT0001/Desktop/RaiAuraShop/RaiAuraShop-revert/node_modules/@types/react/index").CSSProperties | undefined' is not assignable to type 'React.CSSProperties | undefined'.
      Type 'CSSProperties' is not assignable to type 'Properties<string | number, string & {}>'.
        Types of property 'alignmentBaseline' are incompatible.
          Type 'import("C:/Users/KIIT0001/Desktop/RaiAuraShop/RaiAuraShop-revert/node_modules/csstype/index").Property.AlignmentBaseline | undefined' is not assignable to type 'import("C:/Users/KIIT0001/Desktop/RaiAuraShop/RaiAuraShop-revert/client/node_modules/csstype/index").Property.AlignmentBaseline | undefined'.
            Type '"auto"' is not assignable to type 'AlignmentBaseline | undefined'.
client/src/components/ui/carousel.tsx(204,7): error TS2322: Type 'string | null' is not assignable to type '"default" | "destructive" | "secondary" | "ghost" | null | undefined'.
  Type 'string' is not assignable to type '"default" | "destructive" | "secondary" | "ghost" | null | undefined'.
client/src/components/ui/carousel.tsx(233,7): error TS2322: Type 'string | null' is not assignable to type '"default" | "destructive" | "secondary" | "ghost" | null | undefined'.
  Type 'string' is not assignable to type '"default" | "destructive" | "secondary" | "ghost" | null | undefined'.
client/src/components/ui/command.tsx(29,11): error TS2322: Type 'React.ReactNode' is not assignable to type 'import("C:/Users/KIIT0001/Desktop/RaiAuraShop/RaiAuraShop-revert/node_modules/@types/react/index").ReactNode'.
  Type 'bigint' is not assignable to type 'ReactNode'.
client/src/components/ui/input-otp.tsx(35,44): error TS2345: Argument of type 'import("C:/Users/KIIT0001/Desktop/RaiAuraShop/RaiAuraShop-revert/node_modules/@types/react/index").Context<import("C:/Users/KIIT0001/Desktop/RaiAuraShop/RaiAuraShop-revert/node_modules/input-otp/dist/index").RenderProps>' is not assignable to parameter of type 'React.Context<import("C:/Users/KIIT0001/Desktop/RaiAuraShop/RaiAuraShop-revert/node_modules/input-otp/dist/index").RenderProps>'.
  Property '$$typeof' is missing in type 'import("C:/Users/KIIT0001/Desktop/RaiAuraShop/RaiAuraShop-revert/node_modules/@types/react/index").Context<import("C:/Users/KIIT0001/Desktop/RaiAuraShop/RaiAuraShop-revert/node_modules/input-otp/dist/index").RenderProps>' but required in type 'React.Context<import("C:/Users/KIIT0001/Desktop/RaiAuraShop/RaiAuraShop-revert/node_modules/input-otp/dist/index").RenderProps>'.
client/src/components/ui/pagination.tsx(52,9): error TS2322: Type '"ghost" | "outline"' is not assignable to type '"default" | "destructive" | "secondary" | "ghost" | null | undefined'.
  Type '"outline"' is not assignable to type '"default" | "destructive" | "secondary" | "ghost" | null | undefined'.
client/src/pages/AddressesPage.tsx(243,23): error TS2322: Type '"outline"' is not assignable to type '"default" | "destructive" | "secondary" | "ghost" | null | undefined'.
client/src/pages/AdminPage.tsx(336,35): error TS2322: Type '{}' is not assignable to type 'string | number | readonly string[] | undefined'.
client/src/pages/AdminPage.tsx(377,32): error TS2322: Type '{ placeholder: string; "data-testid": string; onChange: (...event: any[]) => void; onBlur: Noop; value: string | null | undefined; disabled?: boolean | undefined; name: "material"; ref: RefCallBack; }' is not assignable to type 'Omit<DetailedHTMLProps<InputHTMLAttributes<HTMLInputElement>, HTMLInputElement>, "ref">'.
  Types of property 'value' are incompatible.
    Type 'string | null | undefined' is not assignable to type 'string | number | readonly string[] | undefined'.
      Type 'null' is not assignable to type 'string | number | readonly string[] | undefined'.
client/src/pages/AdminPage.tsx(407,49): error TS2322: Type '"outline"' is not assignable to type '"default" | "destructive" | "secondary" | "ghost" | null | undefined'.
client/src/pages/AdminPage.tsx(423,33): error TS2322: Type '"outline"' is not assignable to type '"default" | "destructive" | "secondary" | "ghost" | null | undefined'.
client/src/pages/AdminPage.tsx(472,25): error TS2322: Type '"outline"' is not assignable to type '"default" | "destructive" | "secondary" | "ghost" | null | undefined'.
client/src/pages/AdminPage.tsx(482,25): error TS2322: Type '"outline"' is not assignable to type '"default" | "destructive" | "secondary" | "ghost" | null | undefined'.
client/src/pages/AdminPage.tsx(567,33): error TS2322: Type '{}' is not assignable to type 'string | number | readonly string[] | undefined'.
client/src/pages/AdminPage.tsx(607,30): error TS2322: Type '{ placeholder: string; onChange: (...event: any[]) => void; onBlur: Noop; value: string | null | undefined; disabled?: boolean | undefined; name: "material"; ref: RefCallBack; }' is not assignable to type 'Omit<DetailedHTMLProps<InputHTMLAttributes<HTMLInputElement>, HTMLInputElement>, "ref">'.
  Types of property 'value' are incompatible.
    Type 'string | null | undefined' is not assignable to type 'string | number | readonly string[] | undefined'.
      Type 'null' is not assignable to type 'string | number | readonly string[] | undefined'.
client/src/pages/AdminPage.tsx(637,47): error TS2322: Type '"outline"' is not assignable to type '"default" | "destructive" | "secondary" | "ghost" | null | undefined'.
client/src/pages/AdminPage.tsx(652,31): error TS2322: Type '"outline"' is not assignable to type '"default" | "destructive" | "secondary" | "ghost" | null | undefined'.
client/src/pages/AdminPage.tsx(705,27): error TS2322: Type '"outline"' is not assignable to type '"default" | "destructive" | "secondary" | "ghost" | null | undefined'.
client/src/pages/AdminPage.tsx(816,25): error TS2322: Type '"outline"' is not assignable to type '"default" | "destructive" | "secondary" | "ghost" | null | undefined'.
client/src/pages/AdminPage.tsx(828,25): error TS2322: Type '"outline"' is not assignable to type '"default" | "destructive" | "secondary" | "ghost" | null | undefined'.
client/src/pages/AdminPage.tsx(848,17): error TS2322: Type '"outline"' is not assignable to type '"default" | "destructive" | "secondary" | "ghost" | null | undefined'.
client/src/pages/CheckoutPage.tsx(73,5): error TS2322: Type 'Resolver<{ email: string; fullName: string; phone: string; address: string; city: string; state: string; postalCode: string; paymentMethod: "cod" | "whatsapp"; country?: string | undefined; }, any, { ...; }>' is not assignable to type 'Resolver<{ email: string; fullName: string; phone: string; address: string; city: string; state: string; postalCode: string; country: string; paymentMethod: "cod" | "whatsapp"; }, any, { email: string; ... 7 more ...; paymentMethod: "cod" | "whatsapp"; }>'.
  Types of parameters 'options' and 'options' are incompatible.
    Type 'ResolverOptions<{ email: string; fullName: string; phone: string; address: string; city: string; state: string; postalCode: string; country: string; paymentMethod: "cod" | "whatsapp"; }>' is not assignable to type 'ResolverOptions<{ email: string; fullName: string; phone: string; address: string; city: string; state: string; postalCode: string; paymentMethod: "cod" | "whatsapp"; country?: string | undefined; }>'.
      Type 'string | undefined' is not assignable to type 'string'.
        Type 'undefined' is not assignable to type 'string'.
client/src/pages/CheckoutPage.tsx(213,23): error TS2322: Type '"outline"' is not assignable to type '"default" | "destructive" | "secondary" | "ghost" | null | undefined'.
client/src/pages/CheckoutPage.tsx(279,49): error TS2345: Argument of type '(data: CheckoutFormData) => Promise<void>' is not assignable to parameter of type 'SubmitHandler<TFieldValues>'.
  Types of parameters 'data' and 'data' are incompatible.
    Type 'TFieldValues' is not assignable to type '{ email: string; fullName: string; phone: string; address: string; city: string; state: string; postalCode: string; country: string; paymentMethod: "cod" | "whatsapp"; }'.
      Type 'FieldValues' is missing the following properties from type '{ email: string; fullName: string; phone: string; address: string; city: string; state: string; postalCode: string; country: string; paymentMethod: "cod" | "whatsapp"; }': email, fullName, phone, address, and 5 more.
client/src/pages/CheckoutPage.tsx(287,25): error TS2322: Type 'Control<{ email: string; fullName: string; phone: string; address: string; city: string; state: string; postalCode: string; country: string; paymentMethod: "cod" | "whatsapp"; }, any, TFieldValues>' is not assignable to type 'Control<{ email: string; fullName: string; phone: string; address: string; city: string; state: string; postalCode: string; country: string; paymentMethod: "cod" | "whatsapp"; }, any, { email: string; ... 7 more ...; paymentMethod: "cod" | "whatsapp"; }>'.
  The types of '_options.resolver' are incompatible between these types.
    Type 'Resolver<{ email: string; fullName: string; phone: string; address: string; city: string; state: string; postalCode: string; country: string; paymentMethod: "cod" | "whatsapp"; }, any, TFieldValues> | undefined' is not assignable to type 'Resolver<{ email: string; fullName: string; phone: string; address: string; city: string; state: string; postalCode: string; country: string; paymentMethod: "cod" | "whatsapp"; }, any, { email: string; ... 7 more ...; paymentMethod: "cod" | "whatsapp"; }> | undefined'.
      Type 'Resolver<{ email: string; fullName: string; phone: string; address: string; city: string; state: string; postalCode: string; country: string; paymentMethod: "cod" | "whatsapp"; }, any, TFieldValues>' is not assignable to type 'Resolver<{ email: string; fullName: string; phone: string; address: string; city: string; state: string; postalCode: string; country: string; paymentMethod: "cod" | "whatsapp"; }, any, { email: string; ... 7 more ...; paymentMethod: "cod" | "whatsapp"; }>'.
        Type 'ResolverResult<{ email: string; fullName: string; phone: string; address: string; city: string; state: string; postalCode: string; country: string; paymentMethod: "cod" | "whatsapp"; }, TFieldValues> | Promise<...>' is not assignable to type 'ResolverResult<{ email: string; fullName: string; phone: string; address: string; city: string; state: string; postalCode: string; country: string; paymentMethod: "cod" | "whatsapp"; }, { email: string; fullName: string; ... 6 more ...; paymentMethod: "cod" | "whatsapp"; }> | Promise<...>'.
          Type 'ResolverSuccess<TFieldValues>' is not assignable to type 'ResolverResult<{ email: string; fullName: string; phone: string; address: string; city: string; state: string; postalCode: string; country: string; paymentMethod: "cod" | "whatsapp"; }, { email: string; fullName: string; ... 6 more ...; paymentMethod: "cod" | "whatsapp"; }> | Promise<...>'.
            Type 'ResolverSuccess<TFieldValues>' is not assignable to type 'ResolverSuccess<{ email: string; fullName: string; phone: string; address: string; city: string; state: string; postalCode: string; country: string; paymentMethod: "cod" | "whatsapp"; }>'.
              Type 'TFieldValues' is not assignable to type '{ email: string; fullName: string; phone: string; address: string; city: string; state: string; postalCode: string; country: string; paymentMethod: "cod" | "whatsapp"; }'.
                Type 'FieldValues' is missing the following properties from type '{ email: string; fullName: string; phone: string; address: string; city: string; state: string; postalCode: string; country: string; paymentMethod: "cod" | "whatsapp"; }': email, fullName, phone, address, and 5 more.
client/src/pages/CheckoutPage.tsx(300,25): error TS2322: Type 'Control<{ email: string; fullName: string; phone: string; address: string; city: string; state: string; postalCode: string; country: string; paymentMethod: "cod" | "whatsapp"; }, any, TFieldValues>' is not assignable to type 'Control<{ email: string; fullName: string; phone: string; address: string; city: string; state: string; postalCode: string; country: string; paymentMethod: "cod" | "whatsapp"; }, any, { email: string; ... 7 more ...; paymentMethod: "cod" | "whatsapp"; }>'.
  The types of '_options.resolver' are incompatible between these types.
    Type 'Resolver<{ email: string; fullName: string; phone: string; address: string; city: string; state: string; postalCode: string; country: string; paymentMethod: "cod" | "whatsapp"; }, any, TFieldValues> | undefined' is not assignable to type 'Resolver<{ email: string; fullName: string; phone: string; address: string; city: string; state: string; postalCode: string; country: string; paymentMethod: "cod" | "whatsapp"; }, any, { email: string; ... 7 more ...; paymentMethod: "cod" | "whatsapp"; }> | undefined'.
      Type 'Resolver<{ email: string; fullName: string; phone: string; address: string; city: string; state: string; postalCode: string; country: string; paymentMethod: "cod" | "whatsapp"; }, any, TFieldValues>' is not assignable to type 'Resolver<{ email: string; fullName: string; phone: string; address: string; city: string; state: string; postalCode: string; country: string; paymentMethod: "cod" | "whatsapp"; }, any, { email: string; ... 7 more ...; paymentMethod: "cod" | "whatsapp"; }>'.
        Type 'ResolverResult<{ email: string; fullName: string; phone: string; address: string; city: string; state: string; postalCode: string; country: string; paymentMethod: "cod" | "whatsapp"; }, TFieldValues> | Promise<...>' is not assignable to type 'ResolverResult<{ email: string; fullName: string; phone: string; address: string; city: string; state: string; postalCode: string; country: string; paymentMethod: "cod" | "whatsapp"; }, { email: string; fullName: string; ... 6 more ...; paymentMethod: "cod" | "whatsapp"; }> | Promise<...>'.
          Type 'ResolverSuccess<TFieldValues>' is not assignable to type 'ResolverResult<{ email: string; fullName: string; phone: string; address: string; city: string; state: string; postalCode: string; country: string; paymentMethod: "cod" | "whatsapp"; }, { email: string; fullName: string; ... 6 more ...; paymentMethod: "cod" | "whatsapp"; }> | Promise<...>'.
            Type 'ResolverSuccess<TFieldValues>' is not assignable to type 'ResolverSuccess<{ email: string; fullName: string; phone: string; address: string; city: string; state: string; postalCode: string; country: string; paymentMethod: "cod" | "whatsapp"; }>'.
              Type 'TFieldValues' is not assignable to type '{ email: string; fullName: string; phone: string; address: string; city: string; state: string; postalCode: string; country: string; paymentMethod: "cod" | "whatsapp"; }'.
                Type 'FieldValues' is missing the following properties from type '{ email: string; fullName: string; phone: string; address: string; city: string; state: string; postalCode: string; country: string; paymentMethod: "cod" | "whatsapp"; }': email, fullName, phone, address, and 5 more.
client/src/pages/CheckoutPage.tsx(314,23): error TS2322: Type 'Control<{ email: string; fullName: string; phone: string; address: string; city: string; state: string; postalCode: string; country: string; paymentMethod: "cod" | "whatsapp"; }, any, TFieldValues>' is not assignable to type 'Control<{ email: string; fullName: string; phone: string; address: string; city: string; state: string; postalCode: string; country: string; paymentMethod: "cod" | "whatsapp"; }, any, { email: string; ... 7 more ...; paymentMethod: "cod" | "whatsapp"; }>'.
  The types of '_options.resolver' are incompatible between these types.
    Type 'Resolver<{ email: string; fullName: string; phone: string; address: string; city: string; state: string; postalCode: string; country: string; paymentMethod: "cod" | "whatsapp"; }, any, TFieldValues> | undefined' is not assignable to type 'Resolver<{ email: string; fullName: string; phone: string; address: string; city: string; state: string; postalCode: string; country: string; paymentMethod: "cod" | "whatsapp"; }, any, { email: string; ... 7 more ...; paymentMethod: "cod" | "whatsapp"; }> | undefined'.
      Type 'Resolver<{ email: string; fullName: string; phone: string; address: string; city: string; state: string; postalCode: string; country: string; paymentMethod: "cod" | "whatsapp"; }, any, TFieldValues>' is not assignable to type 'Resolver<{ email: string; fullName: string; phone: string; address: string; city: string; state: string; postalCode: string; country: string; paymentMethod: "cod" | "whatsapp"; }, any, { email: string; ... 7 more ...; paymentMethod: "cod" | "whatsapp"; }>'.
        Type 'ResolverResult<{ email: string; fullName: string; phone: string; address: string; city: string; state: string; postalCode: string; country: string; paymentMethod: "cod" | "whatsapp"; }, TFieldValues> | Promise<...>' is not assignable to type 'ResolverResult<{ email: string; fullName: string; phone: string; address: string; city: string; state: string; postalCode: string; country: string; paymentMethod: "cod" | "whatsapp"; }, { email: string; fullName: string; ... 6 more ...; paymentMethod: "cod" | "whatsapp"; }> | Promise<...>'.
          Type 'ResolverSuccess<TFieldValues>' is not assignable to type 'ResolverResult<{ email: string; fullName: string; phone: string; address: string; city: string; state: string; postalCode: string; country: string; paymentMethod: "cod" | "whatsapp"; }, { email: string; fullName: string; ... 6 more ...; paymentMethod: "cod" | "whatsapp"; }> | Promise<...>'.
            Type 'ResolverSuccess<TFieldValues>' is not assignable to type 'ResolverSuccess<{ email: string; fullName: string; phone: string; address: string; city: string; state: string; postalCode: string; country: string; paymentMethod: "cod" | "whatsapp"; }>'.
              Type 'TFieldValues' is not assignable to type '{ email: string; fullName: string; phone: string; address: string; city: string; state: string; postalCode: string; country: string; paymentMethod: "cod" | "whatsapp"; }'.
                Type 'FieldValues' is missing the following properties from type '{ email: string; fullName: string; phone: string; address: string; city: string; state: string; postalCode: string; country: string; paymentMethod: "cod" | "whatsapp"; }': email, fullName, phone, address, and 5 more.
client/src/pages/CheckoutPage.tsx(335,23): error TS2322: Type 'Control<{ email: string; fullName: string; phone: string; address: string; city: string; state: string; postalCode: string; country: string; paymentMethod: "cod" | "whatsapp"; }, any, TFieldValues>' is not assignable to type 'Control<{ email: string; fullName: string; phone: string; address: string; city: string; state: string; postalCode: string; country: string; paymentMethod: "cod" | "whatsapp"; }, any, { email: string; ... 7 more ...; paymentMethod: "cod" | "whatsapp"; }>'.
  The types of '_options.resolver' are incompatible between these types.
    Type 'Resolver<{ email: string; fullName: string; phone: string; address: string; city: string; state: string; postalCode: string; country: string; paymentMethod: "cod" | "whatsapp"; }, any, TFieldValues> | undefined' is not assignable to type 'Resolver<{ email: string; fullName: string; phone: string; address: string; city: string; state: string; postalCode: string; country: string; paymentMethod: "cod" | "whatsapp"; }, any, { email: string; ... 7 more ...; paymentMethod: "cod" | "whatsapp"; }> | undefined'.
      Type 'Resolver<{ email: string; fullName: string; phone: string; address: string; city: string; state: string; postalCode: string; country: string; paymentMethod: "cod" | "whatsapp"; }, any, TFieldValues>' is not assignable to type 'Resolver<{ email: string; fullName: string; phone: string; address: string; city: string; state: string; postalCode: string; country: string; paymentMethod: "cod" | "whatsapp"; }, any, { email: string; ... 7 more ...; paymentMethod: "cod" | "whatsapp"; }>'.
        Type 'ResolverResult<{ email: string; fullName: string; phone: string; address: string; city: string; state: string; postalCode: string; country: string; paymentMethod: "cod" | "whatsapp"; }, TFieldValues> | Promise<...>' is not assignable to type 'ResolverResult<{ email: string; fullName: string; phone: string; address: string; city: string; state: string; postalCode: string; country: string; paymentMethod: "cod" | "whatsapp"; }, { email: string; fullName: string; ... 6 more ...; paymentMethod: "cod" | "whatsapp"; }> | Promise<...>'.
          Type 'ResolverSuccess<TFieldValues>' is not assignable to type 'ResolverResult<{ email: string; fullName: string; phone: string; address: string; city: string; state: string; postalCode: string; country: string; paymentMethod: "cod" | "whatsapp"; }, { email: string; fullName: string; ... 6 more ...; paymentMethod: "cod" | "whatsapp"; }> | Promise<...>'.
            Type 'ResolverSuccess<TFieldValues>' is not assignable to type 'ResolverSuccess<{ email: string; fullName: string; phone: string; address: string; city: string; state: string; postalCode: string; country: string; paymentMethod: "cod" | "whatsapp"; }>'.
              Type 'TFieldValues' is not assignable to type '{ email: string; fullName: string; phone: string; address: string; city: string; state: string; postalCode: string; country: string; paymentMethod: "cod" | "whatsapp"; }'.
                Type 'FieldValues' is missing the following properties from type '{ email: string; fullName: string; phone: string; address: string; city: string; state: string; postalCode: string; country: string; paymentMethod: "cod" | "whatsapp"; }': email, fullName, phone, address, and 5 more.
client/src/pages/CheckoutPage.tsx(349,25): error TS2322: Type 'Control<{ email: string; fullName: string; phone: string; address: string; city: string; state: string; postalCode: string; country: string; paymentMethod: "cod" | "whatsapp"; }, any, TFieldValues>' is not assignable to type 'Control<{ email: string; fullName: string; phone: string; address: string; city: string; state: string; postalCode: string; country: string; paymentMethod: "cod" | "whatsapp"; }, any, { email: string; ... 7 more ...; paymentMethod: "cod" | "whatsapp"; }>'.
  The types of '_options.resolver' are incompatible between these types.
    Type 'Resolver<{ email: string; fullName: string; phone: string; address: string; city: string; state: string; postalCode: string; country: string; paymentMethod: "cod" | "whatsapp"; }, any, TFieldValues> | undefined' is not assignable to type 'Resolver<{ email: string; fullName: string; phone: string; address: string; city: string; state: string; postalCode: string; country: string; paymentMethod: "cod" | "whatsapp"; }, any, { email: string; ... 7 more ...; paymentMethod: "cod" | "whatsapp"; }> | undefined'.
      Type 'Resolver<{ email: string; fullName: string; phone: string; address: string; city: string; state: string; postalCode: string; country: string; paymentMethod: "cod" | "whatsapp"; }, any, TFieldValues>' is not assignable to type 'Resolver<{ email: string; fullName: string; phone: string; address: string; city: string; state: string; postalCode: string; country: string; paymentMethod: "cod" | "whatsapp"; }, any, { email: string; ... 7 more ...; paymentMethod: "cod" | "whatsapp"; }>'.
        Type 'ResolverResult<{ email: string; fullName: string; phone: string; address: string; city: string; state: string; postalCode: string; country: string; paymentMethod: "cod" | "whatsapp"; }, TFieldValues> | Promise<...>' is not assignable to type 'ResolverResult<{ email: string; fullName: string; phone: string; address: string; city: string; state: string; postalCode: string; country: string; paymentMethod: "cod" | "whatsapp"; }, { email: string; fullName: string; ... 6 more ...; paymentMethod: "cod" | "whatsapp"; }> | Promise<...>'.
          Type 'ResolverSuccess<TFieldValues>' is not assignable to type 'ResolverResult<{ email: string; fullName: string; phone: string; address: string; city: string; state: string; postalCode: string; country: string; paymentMethod: "cod" | "whatsapp"; }, { email: string; fullName: string; ... 6 more ...; paymentMethod: "cod" | "whatsapp"; }> | Promise<...>'.
            Type 'ResolverSuccess<TFieldValues>' is not assignable to type 'ResolverSuccess<{ email: string; fullName: string; phone: string; address: string; city: string; state: string; postalCode: string; country: string; paymentMethod: "cod" | "whatsapp"; }>'.
              Type 'TFieldValues' is not assignable to type '{ email: string; fullName: string; phone: string; address: string; city: string; state: string; postalCode: string; country: string; paymentMethod: "cod" | "whatsapp"; }'.
                Type 'FieldValues' is missing the following properties from type '{ email: string; fullName: string; phone: string; address: string; city: string; state: string; postalCode: string; country: string; paymentMethod: "cod" | "whatsapp"; }': email, fullName, phone, address, and 5 more.
client/src/pages/CheckoutPage.tsx(362,25): error TS2322: Type 'Control<{ email: string; fullName: string; phone: string; address: string; city: string; state: string; postalCode: string; country: string; paymentMethod: "cod" | "whatsapp"; }, any, TFieldValues>' is not assignable to type 'Control<{ email: string; fullName: string; phone: string; address: string; city: string; state: string; postalCode: string; country: string; paymentMethod: "cod" | "whatsapp"; }, any, { email: string; ... 7 more ...; paymentMethod: "cod" | "whatsapp"; }>'.
  The types of '_options.resolver' are incompatible between these types.
    Type 'Resolver<{ email: string; fullName: string; phone: string; address: string; city: string; state: string; postalCode: string; country: string; paymentMethod: "cod" | "whatsapp"; }, any, TFieldValues> | undefined' is not assignable to type 'Resolver<{ email: string; fullName: string; phone: string; address: string; city: string; state: string; postalCode: string; country: string; paymentMethod: "cod" | "whatsapp"; }, any, { email: string; ... 7 more ...; paymentMethod: "cod" | "whatsapp"; }> | undefined'.
      Type 'Resolver<{ email: string; fullName: string; phone: string; address: string; city: string; state: string; postalCode: string; country: string; paymentMethod: "cod" | "whatsapp"; }, any, TFieldValues>' is not assignable to type 'Resolver<{ email: string; fullName: string; phone: string; address: string; city: string; state: string; postalCode: string; country: string; paymentMethod: "cod" | "whatsapp"; }, any, { email: string; ... 7 more ...; paymentMethod: "cod" | "whatsapp"; }>'.
        Type 'ResolverResult<{ email: string; fullName: string; phone: string; address: string; city: string; state: string; postalCode: string; country: string; paymentMethod: "cod" | "whatsapp"; }, TFieldValues> | Promise<...>' is not assignable to type 'ResolverResult<{ email: string; fullName: string; phone: string; address: string; city: string; state: string; postalCode: string; country: string; paymentMethod: "cod" | "whatsapp"; }, { email: string; fullName: string; ... 6 more ...; paymentMethod: "cod" | "whatsapp"; }> | Promise<...>'.
          Type 'ResolverSuccess<TFieldValues>' is not assignable to type 'ResolverResult<{ email: string; fullName: string; phone: string; address: string; city: string; state: string; postalCode: string; country: string; paymentMethod: "cod" | "whatsapp"; }, { email: string; fullName: string; ... 6 more ...; paymentMethod: "cod" | "whatsapp"; }> | Promise<...>'.
            Type 'ResolverSuccess<TFieldValues>' is not assignable to type 'ResolverSuccess<{ email: string; fullName: string; phone: string; address: string; city: string; state: string; postalCode: string; country: string; paymentMethod: "cod" | "whatsapp"; }>'.
              Type 'TFieldValues' is not assignable to type '{ email: string; fullName: string; phone: string; address: string; city: string; state: string; postalCode: string; country: string; paymentMethod: "cod" | "whatsapp"; }'.
                Type 'FieldValues' is missing the following properties from type '{ email: string; fullName: string; phone: string; address: string; city: string; state: string; postalCode: string; country: string; paymentMethod: "cod" | "whatsapp"; }': email, fullName, phone, address, and 5 more.
client/src/pages/CheckoutPage.tsx(377,25): error TS2322: Type 'Control<{ email: string; fullName: string; phone: string; address: string; city: string; state: string; postalCode: string; country: string; paymentMethod: "cod" | "whatsapp"; }, any, TFieldValues>' is not assignable to type 'Control<{ email: string; fullName: string; phone: string; address: string; city: string; state: string; postalCode: string; country: string; paymentMethod: "cod" | "whatsapp"; }, any, { email: string; ... 7 more ...; paymentMethod: "cod" | "whatsapp"; }>'.
  The types of '_options.resolver' are incompatible between these types.
    Type 'Resolver<{ email: string; fullName: string; phone: string; address: string; city: string; state: string; postalCode: string; country: string; paymentMethod: "cod" | "whatsapp"; }, any, TFieldValues> | undefined' is not assignable to type 'Resolver<{ email: string; fullName: string; phone: string; address: string; city: string; state: string; postalCode: string; country: string; paymentMethod: "cod" | "whatsapp"; }, any, { email: string; ... 7 more ...; paymentMethod: "cod" | "whatsapp"; }> | undefined'.
      Type 'Resolver<{ email: string; fullName: string; phone: string; address: string; city: string; state: string; postalCode: string; country: string; paymentMethod: "cod" | "whatsapp"; }, any, TFieldValues>' is not assignable to type 'Resolver<{ email: string; fullName: string; phone: string; address: string; city: string; state: string; postalCode: string; country: string; paymentMethod: "cod" | "whatsapp"; }, any, { email: string; ... 7 more ...; paymentMethod: "cod" | "whatsapp"; }>'.
        Type 'ResolverResult<{ email: string; fullName: string; phone: string; address: string; city: string; state: string; postalCode: string; country: string; paymentMethod: "cod" | "whatsapp"; }, TFieldValues> | Promise<...>' is not assignable to type 'ResolverResult<{ email: string; fullName: string; phone: string; address: string; city: string; state: string; postalCode: string; country: string; paymentMethod: "cod" | "whatsapp"; }, { email: string; fullName: string; ... 6 more ...; paymentMethod: "cod" | "whatsapp"; }> | Promise<...>'.
          Type 'ResolverSuccess<TFieldValues>' is not assignable to type 'ResolverResult<{ email: string; fullName: string; phone: string; address: string; city: string; state: string; postalCode: string; country: string; paymentMethod: "cod" | "whatsapp"; }, { email: string; fullName: string; ... 6 more ...; paymentMethod: "cod" | "whatsapp"; }> | Promise<...>'.
            Type 'ResolverSuccess<TFieldValues>' is not assignable to type 'ResolverSuccess<{ email: string; fullName: string; phone: string; address: string; city: string; state: string; postalCode: string; country: string; paymentMethod: "cod" | "whatsapp"; }>'.
              Type 'TFieldValues' is not assignable to type '{ email: string; fullName: string; phone: string; address: string; city: string; state: string; postalCode: string; country: string; paymentMethod: "cod" | "whatsapp"; }'.
                Type 'FieldValues' is missing the following properties from type '{ email: string; fullName: string; phone: string; address: string; city: string; state: string; postalCode: string; country: string; paymentMethod: "cod" | "whatsapp"; }': email, fullName, phone, address, and 5 more.
client/src/pages/CheckoutPage.tsx(390,25): error TS2322: Type 'Control<{ email: string; fullName: string; phone: string; address: string; city: string; state: string; postalCode: string; country: string; paymentMethod: "cod" | "whatsapp"; }, any, TFieldValues>' is not assignable to type 'Control<{ email: string; fullName: string; phone: string; address: string; city: string; state: string; postalCode: string; country: string; paymentMethod: "cod" | "whatsapp"; }, any, { email: string; ... 7 more ...; paymentMethod: "cod" | "whatsapp"; }>'.
  The types of '_options.resolver' are incompatible between these types.
    Type 'Resolver<{ email: string; fullName: string; phone: string; address: string; city: string; state: string; postalCode: string; country: string; paymentMethod: "cod" | "whatsapp"; }, any, TFieldValues> | undefined' is not assignable to type 'Resolver<{ email: string; fullName: string; phone: string; address: string; city: string; state: string; postalCode: string; country: string; paymentMethod: "cod" | "whatsapp"; }, any, { email: string; ... 7 more ...; paymentMethod: "cod" | "whatsapp"; }> | undefined'.
      Type 'Resolver<{ email: string; fullName: string; phone: string; address: string; city: string; state: string; postalCode: string; country: string; paymentMethod: "cod" | "whatsapp"; }, any, TFieldValues>' is not assignable to type 'Resolver<{ email: string; fullName: string; phone: string; address: string; city: string; state: string; postalCode: string; country: string; paymentMethod: "cod" | "whatsapp"; }, any, { email: string; ... 7 more ...; paymentMethod: "cod" | "whatsapp"; }>'.
        Type 'ResolverResult<{ email: string; fullName: string; phone: string; address: string; city: string; state: string; postalCode: string; country: string; paymentMethod: "cod" | "whatsapp"; }, TFieldValues> | Promise<...>' is not assignable to type 'ResolverResult<{ email: string; fullName: string; phone: string; address: string; city: string; state: string; postalCode: string; country: string; paymentMethod: "cod" | "whatsapp"; }, { email: string; fullName: string; ... 6 more ...; paymentMethod: "cod" | "whatsapp"; }> | Promise<...>'.
          Type 'ResolverSuccess<TFieldValues>' is not assignable to type 'ResolverResult<{ email: string; fullName: string; phone: string; address: string; city: string; state: string; postalCode: string; country: string; paymentMethod: "cod" | "whatsapp"; }, { email: string; fullName: string; ... 6 more ...; paymentMethod: "cod" | "whatsapp"; }> | Promise<...>'.
            Type 'ResolverSuccess<TFieldValues>' is not assignable to type 'ResolverSuccess<{ email: string; fullName: string; phone: string; address: string; city: string; state: string; postalCode: string; country: string; paymentMethod: "cod" | "whatsapp"; }>'.
              Type 'TFieldValues' is not assignable to type '{ email: string; fullName: string; phone: string; address: string; city: string; state: string; postalCode: string; country: string; paymentMethod: "cod" | "whatsapp"; }'.
                Type 'FieldValues' is missing the following properties from type '{ email: string; fullName: string; phone: string; address: string; city: string; state: string; postalCode: string; country: string; paymentMethod: "cod" | "whatsapp"; }': email, fullName, phone, address, and 5 more.
client/src/pages/CheckoutPage.tsx(412,23): error TS2322: Type 'Control<{ email: string; fullName: string; phone: string; address: string; city: string; state: string; postalCode: string; country: string; paymentMethod: "cod" | "whatsapp"; }, any, TFieldValues>' is not assignable to type 'Control<{ email: string; fullName: string; phone: string; address: string; city: string; state: string; postalCode: string; country: string; paymentMethod: "cod" | "whatsapp"; }, any, { email: string; ... 7 more ...; paymentMethod: "cod" | "whatsapp"; }>'.
  The types of '_options.resolver' are incompatible between these types.
    Type 'Resolver<{ email: string; fullName: string; phone: string; address: string; city: string; state: string; postalCode: string; country: string; paymentMethod: "cod" | "whatsapp"; }, any, TFieldValues> | undefined' is not assignable to type 'Resolver<{ email: string; fullName: string; phone: string; address: string; city: string; state: string; postalCode: string; country: string; paymentMethod: "cod" | "whatsapp"; }, any, { email: string; ... 7 more ...; paymentMethod: "cod" | "whatsapp"; }> | undefined'.
      Type 'Resolver<{ email: string; fullName: string; phone: string; address: string; city: string; state: string; postalCode: string; country: string; paymentMethod: "cod" | "whatsapp"; }, any, TFieldValues>' is not assignable to type 'Resolver<{ email: string; fullName: string; phone: string; address: string; city: string; state: string; postalCode: string; country: string; paymentMethod: "cod" | "whatsapp"; }, any, { email: string; ... 7 more ...; paymentMethod: "cod" | "whatsapp"; }>'.
        Type 'ResolverResult<{ email: string; fullName: string; phone: string; address: string; city: string; state: string; postalCode: string; country: string; paymentMethod: "cod" | "whatsapp"; }, TFieldValues> | Promise<...>' is not assignable to type 'ResolverResult<{ email: string; fullName: string; phone: string; address: string; city: string; state: string; postalCode: string; country: string; paymentMethod: "cod" | "whatsapp"; }, { email: string; fullName: string; ... 6 more ...; paymentMethod: "cod" | "whatsapp"; }> | Promise<...>'.
          Type 'ResolverSuccess<TFieldValues>' is not assignable to type 'ResolverResult<{ email: string; fullName: string; phone: string; address: string; city: string; state: string; postalCode: string; country: string; paymentMethod: "cod" | "whatsapp"; }, { email: string; fullName: string; ... 6 more ...; paymentMethod: "cod" | "whatsapp"; }> | Promise<...>'.
            Type 'ResolverSuccess<TFieldValues>' is not assignable to type 'ResolverSuccess<{ email: string; fullName: string; phone: string; address: string; city: string; state: string; postalCode: string; country: string; paymentMethod: "cod" | "whatsapp"; }>'.
              Type 'TFieldValues' is not assignable to type '{ email: string; fullName: string; phone: string; address: string; city: string; state: string; postalCode: string; country: string; paymentMethod: "cod" | "whatsapp"; }'.
                Type 'FieldValues' is missing the following properties from type '{ email: string; fullName: string; phone: string; address: string; city: string; state: string; postalCode: string; country: string; paymentMethod: "cod" | "whatsapp"; }': email, fullName, phone, address, and 5 more.
client/src/pages/ContactPage.tsx(61,27): error TS2322: Type '"outline"' is not assignable to type '"default" | "destructive" | "secondary" | "ghost" | null | undefined'.
client/src/pages/ContactPage.tsx(80,27): error TS2322: Type '"outline"' is not assignable to type '"default" | "destructive" | "secondary" | "ghost" | null | undefined'.
client/src/pages/PaymentMethodsPage.tsx(241,23): error TS2322: Type '"outline"' is not assignable to type '"default" | "destructive" | "secondary" | "ghost" | null | undefined'.
client/src/pages/ProductDetailPage.tsx(100,19): error TS2322: Type '"outline"' is not assignable to type '"default" | "destructive" | "secondary" | "ghost" | null | undefined'.
client/src/pages/ProductDetailPage.tsx(112,19): error TS2322: Type '"outline"' is not assignable to type '"default" | "destructive" | "secondary" | "ghost" | null | undefined'.
client/src/pages/RewardsPage.tsx(205,21): error TS2322: Type '"default" | "outline"' is not assignable to type '"default" | "destructive" | "secondary" | "ghost" | null | undefined'.
  Type '"outline"' is not assignable to type '"default" | "destructive" | "secondary" | "ghost" | null | undefined'.
functions/api/[[path]].ts(579,25): error TS18048: 'user' is possibly 'undefined'.
functions/api/[[path]].ts(579,44): error TS18048: 'user' is possibly 'undefined'.
functions/api/[[path]].ts(579,66): error TS18048: 'user' is possibly 'undefined'.
functions/api/[[path]].ts(579,87): error TS18048: 'user' is possibly 'undefined'.
functions/api/[[path]].ts(579,107): error TS18048: 'user' is possibly 'undefined'.
server/storage.ts(274,7): error TS2739: Type 'Query<DocumentData, DocumentData>' is missing the following properties from type 'CollectionReference<DocumentData, DocumentData>': id, path, parent
